// Jest Snapshot v1, https://goo.gl/fbAQLP

exports[`DatePicker tests should render correctly 1`] = `
<div>
  <div
    class="c5-date-picker"
    id="c5-date-picker"
  >
    <div
      class="c5-dp-input"
      id="c5-dp-1"
    >
      <input
        type="date"
      />
    </div>
    <div
      id="c5-dp-1-backdrop"
      style="position: fixed; z-index: 1; top: 0px; bottom: 0px; left: 0px; right: 0px; display: none; cursor: pointer;"
    />
    <div
      class="color-picker-modal-wrapper"
      style="position: fixed; top: 50%; left: 50%; z-index: 2; transform: translate(-50%, -50%); transform-origin: left top; max-width: 100%; height: auto; display: none; animation: color-picker-fade-in .5s ease;"
    >
      <div
        class="mdp-container"
        style="position: absolute; top: 0px; left: 0px;"
      >
        <div
          class="mdp-content-container"
          id="c5-dp-1"
        >
          <div
            class="header row flex-middle"
          >
            <div
              class="mdp-button"
            >
              <div
                class="mdp-head-button-inner"
              >
                <span
                  class="mdp-head-button-left-arrow"
                />
              </div>
            </div>
            <div
              class="col col-center"
            >
              <span
                id="c5-dp-1-title"
              >
                3/2/2023
              </span>
            </div>
            <div
              class="mdp-button"
            >
              <div
                class="mdp-head-button-inner"
              >
                <span
                  class="mdp-head-button-right-arrow"
                />
              </div>
            </div>
          </div>
          <div
            class="days row"
          >
            <div
              class="cch-name"
            >
              S
            </div>
            <div
              class="cch-name"
            >
              M
            </div>
            <div
              class="cch-name"
            >
              T
            </div>
            <div
              class="cch-name"
            >
              W
            </div>
            <div
              class="cch-name"
            >
              T
            </div>
            <div
              class="cch-name"
            >
              F
            </div>
            <div
              class="cch-name"
            >
              S
            </div>
          </div>
          <div
            class="mpd-body"
          >
            <div
              class="row"
            >
              <div
                class="c-day-container disabled"
              >
                <span
                  class="cdc-day "
                >
                  26
                </span>
              </div>
              <div
                class="c-day-container disabled"
              >
                <span
                  class="cdc-day "
                >
                  27
                </span>
              </div>
              <div
                class="c-day-container disabled"
              >
                <span
                  class="cdc-day "
                >
                  28
                </span>
              </div>
              <div
                class="c-day-container "
              >
                <span
                  class="cdc-day "
                >
                  1
                </span>
              </div>
              <div
                class="c-day-container "
              >
                <span
                  class="cdc-day "
                >
                  2
                </span>
              </div>
              <div
                class="c-day-container "
              >
                <span
                  class="cdc-day "
                >
                  3
                </span>
              </div>
              <div
                class="c-day-container "
              >
                <span
                  class="cdc-day highlighted-text"
                >
                  4
                </span>
              </div>
            </div>
            <div
              class="row"
            >
              <div
                class="c-day-container "
              >
                <span
                  class="cdc-day "
                >
                  5
                </span>
              </div>
              <div
                class="c-day-container "
              >
                <span
                  class="cdc-day "
                >
                  6
                </span>
              </div>
              <div
                class="c-day-container "
              >
                <span
                  class="cdc-day "
                >
                  7
                </span>
              </div>
              <div
                class="c-day-container "
              >
                <span
                  class="cdc-day "
                >
                  8
                </span>
              </div>
              <div
                class="c-day-container "
              >
                <span
                  class="cdc-day "
                >
                  9
                </span>
              </div>
              <div
                class="c-day-container "
              >
                <span
                  class="cdc-day "
                >
                  10
                </span>
              </div>
              <div
                class="c-day-container "
              >
                <span
                  class="cdc-day "
                >
                  11
                </span>
              </div>
            </div>
            <div
              class="row"
            >
              <div
                class="c-day-container "
              >
                <span
                  class="cdc-day "
                >
                  12
                </span>
              </div>
              <div
                class="c-day-container "
              >
                <span
                  class="cdc-day "
                >
                  13
                </span>
              </div>
              <div
                class="c-day-container "
              >
                <span
                  class="cdc-day "
                >
                  14
                </span>
              </div>
              <div
                class="c-day-container "
              >
                <span
                  class="cdc-day "
                >
                  15
                </span>
              </div>
              <div
                class="c-day-container "
              >
                <span
                  class="cdc-day "
                >
                  16
                </span>
              </div>
              <div
                class="c-day-container "
              >
                <span
                  class="cdc-day "
                >
                  17
                </span>
              </div>
              <div
                class="c-day-container "
              >
                <span
                  class="cdc-day "
                >
                  18
                </span>
              </div>
            </div>
            <div
              class="row"
            >
              <div
                class="c-day-container "
              >
                <span
                  class="cdc-day "
                >
                  19
                </span>
              </div>
              <div
                class="c-day-container "
              >
                <span
                  class="cdc-day "
                >
                  20
                </span>
              </div>
              <div
                class="c-day-container "
              >
                <span
                  class="cdc-day "
                >
                  21
                </span>
              </div>
              <div
                class="c-day-container "
              >
                <span
                  class="cdc-day "
                >
                  22
                </span>
              </div>
              <div
                class="c-day-container "
              >
                <span
                  class="cdc-day "
                >
                  23
                </span>
              </div>
              <div
                class="c-day-container "
              >
                <span
                  class="cdc-day "
                >
                  24
                </span>
              </div>
              <div
                class="c-day-container "
              >
                <span
                  class="cdc-day "
                >
                  25
                </span>
              </div>
            </div>
            <div
              class="row"
            >
              <div
                class="c-day-container "
              >
                <span
                  class="cdc-day "
                >
                  26
                </span>
              </div>
              <div
                class="c-day-container "
              >
                <span
                  class="cdc-day "
                >
                  27
                </span>
              </div>
              <div
                class="c-day-container "
              >
                <span
                  class="cdc-day "
                >
                  28
                </span>
              </div>
              <div
                class="c-day-container "
              >
                <span
                  class="cdc-day "
                >
                  29
                </span>
              </div>
              <div
                class="c-day-container "
              >
                <span
                  class="cdc-day "
                >
                  30
                </span>
              </div>
              <div
                class="c-day-container "
              >
                <span
                  class="cdc-day "
                >
                  31
                </span>
              </div>
              <div
                class="c-day-container disabled"
              >
                <span
                  class="cdc-day "
                >
                  1
                </span>
              </div>
            </div>
            <div
              class="row"
            >
              <div
                class="c-day-container disabled"
              >
                <span
                  class="cdc-day "
                >
                  2
                </span>
              </div>
              <div
                class="c-day-container disabled"
              >
                <span
                  class="cdc-day "
                >
                  3
                </span>
              </div>
              <div
                class="c-day-container disabled"
              >
                <span
                  class="cdc-day "
                >
                  4
                </span>
              </div>
              <div
                class="c-day-container disabled"
              >
                <span
                  class="cdc-day "
                >
                  5
                </span>
              </div>
              <div
                class="c-day-container disabled"
              >
                <span
                  class="cdc-day "
                >
                  6
                </span>
              </div>
              <div
                class="c-day-container disabled"
              >
                <span
                  class="cdc-day "
                >
                  7
                </span>
              </div>
              <div
                class="c-day-container disabled"
              >
                <span
                  class="cdc-day "
                >
                  8
                </span>
              </div>
            </div>
          </div>
        </div>
      </div>
    </div>
  </div>
</div>
`;
